[17:1004/031218.966091:ERROR:dbus/bus.cc:406] Failed to connect to the bus: Failed to open socket: Operation not permitted
[17:1004/031218.966224:ERROR:dbus/bus.cc:406] Failed to connect to the bus: Could not parse server address: Unknown address type (examples of valid types are "tcp" and on UNIX "unix")
[17:1004/031219.014400:ERROR:net/base/address_tracker_linux.cc:224] Could not create NETLINK socket: Operation not permitted (1)
[17:1004/031219.014452:ERROR:dbus/bus.cc:406] Failed to connect to the bus: Failed to open socket: Operation not permitted
[17:1004/031219.014479:ERROR:dbus/bus.cc:406] Failed to connect to the bus: Failed to open socket: Operation not permitted
[17:1004/031219.015387:ERROR:device/udev_linux/udev_watcher.cc:51] Failed to initialize a udev monitor.
[17:1004/031219.016711:ERROR:content/browser/zygote_host/zygote_host_impl_linux.cc:300] Failed to adjust OOM score of renderer with pid 42: No such file or directory (2)
QA Electron ready
QA beginning native services
[17:1004/031219.020817:ERROR:dbus/object_proxy.cc:572] Failed to call method: org.freedesktop.DBus.NameHasOwner: object_path= /org/freedesktop/DBus: unknown error type: 
[17:1004/031219.020976:ERROR:dbus/bus.cc:406] Failed to connect to the bus: Could not parse server address: Unknown address type (examples of valid types are "tcp" and on UNIX "unix")
[17:1004/031219.023156:ERROR:dbus/object_proxy.cc:572] Failed to call method: org.freedesktop.DBus.NameHasOwner: object_path= /org/freedesktop/DBus: unknown error type: 
QA registering native bridge
QA services ready
QA enter real createWindow
QA monitor selected
QA constructing native window
[17:1004/031219.032429:ERROR:content/browser/zygote_host/zygote_host_impl_linux.cc:300] Failed to adjust OOM score of renderer with pid 76: No such file or directory (2)
QA real native window created
[17:1004/031219.037502:ERROR:content/browser/zygote_host/zygote_host_impl_linux.cc:300] Failed to adjust OOM score of renderer with pid 81: No such file or directory (2)
QA renderer DOM ready
QA real native window ready to show
PASS A fresh native process reloads the final durable career through the real preload
socket(): Operation not permitted
socket(): Operation not permitted
[17:1004/031223.274607:ERROR:dbus/bus.cc:406] Failed to connect to the bus: Could not parse server address: Unknown address type (examples of valid types are "tcp" and on UNIX "unix")
[17:1004/031223.274628:ERROR:dbus/bus.cc:406] Failed to connect to the bus: Could not parse server address: Unknown address type (examples of valid types are "tcp" and on UNIX "unix")
[17:1004/031223.274633:ERROR:dbus/bus.cc:406] Failed to connect to the bus: Could not parse server address: Unknown address type (examples of valid types are "tcp" and on UNIX "unix")
[17:1004/031223.274637:ERROR:dbus/bus.cc:406] Failed to connect to the bus: Could not parse server address: Unknown address type (examples of valid types are "tcp" and on UNIX "unix")
[17:1004/031223.274642:ERROR:dbus/bus.cc:406] Failed to connect to the bus: Could not parse server address: Unknown address type (examples of valid types are "tcp" and on UNIX "unix")
[17:1004/031223.274646:ERROR:dbus/bus.cc:406] Failed to connect to the bus: Could not parse server address: Unknown address type (examples of valid types are "tcp" and on UNIX "unix")
[17:1004/031223.274651:ERROR:dbus/bus.cc:406] Failed to connect to the bus: Could not parse server address: Unknown address type (examples of valid types are "tcp" and on UNIX "unix")
[17:1004/031223.274655:ERROR:dbus/bus.cc:406] Failed to connect to the bus: Could not parse server address: Unknown address type (examples of valid types are "tcp" and on UNIX "unix")
[17:1004/031223.274659:ERROR:dbus/bus.cc:406] Failed to connect to the bus: Could not parse server address: Unknown address type (examples of valid types are "tcp" and on UNIX "unix")
[17:1004/031223.274665:ERROR:dbus/bus.cc:406] Failed to connect to the bus: Could not parse server address: Unknown address type (examples of valid types are "tcp" and on UNIX "unix")
[17:1004/031223.274669:ERROR:dbus/bus.cc:406] Failed to connect to the bus: Could not parse server address: Unknown address type (examples of valid types are "tcp" and on UNIX "unix")
[17:1004/031223.274674:ERROR:dbus/bus.cc:406] Failed to connect to the bus: Could not parse server address: Unknown address type (examples of valid types are "tcp" and on UNIX "unix")
[17:1004/031223.274678:ERROR:dbus/bus.cc:406] Failed to connect to the bus: Could not parse server address: Unknown address type (examples of valid types are "tcp" and on UNIX "unix")
[17:1004/031223.274683:ERROR:dbus/bus.cc:406] Failed to connect to the bus: Could not parse server address: Unknown address type (examples of valid types are "tcp" and on UNIX "unix")
[17:1004/031223.665420:ERROR:dbus/bus.cc:406] Failed to connect to the bus: Could not parse server address: Unknown address type (examples of valid types are "tcp" and on UNIX "unix")
[17:1004/031223.665466:ERROR:dbus/object_proxy.cc:572] Failed to call method: org.freedesktop.DBus.NameHasOwner: object_path= /org/freedesktop/DBus: unknown error type: 
[17:1004/031223.665489:ERROR:dbus/bus.cc:406] Failed to connect to the bus: Could not parse server address: Unknown address type (examples of valid types are "tcp" and on UNIX "unix")
[17:1004/031223.665501:ERROR:dbus/object_proxy.cc:572] Failed to call method: org.freedesktop.DBus.NameHasOwner: object_path= /org/freedesktop/DBus: unknown error type: 
[42:1004/031225.395739:ERROR:gpu/command_buffer/service/gl_utils.cc:430] [.WebGL-0x79c001b2600]GL Driver Message (OpenGL, Performance, GL_CLOSE_PATH_NV, High): GPU stall due to ReadPixels (this message will no longer repeat)
PASS Reopened career enters and paints the actual saved first-person world
PASS Nearby map clips distant venues and maps the real 2.4 km by 2 km viewport
QA renderer DOM ready
[17:1004/031235.374983:ERROR:dbus/bus.cc:406] Failed to connect to the bus: Could not parse server address: Unknown address type (examples of valid types are "tcp" and on UNIX "unix")
[17:1004/031235.375164:ERROR:dbus/object_proxy.cc:572] Failed to call method: org.freedesktop.DBus.NameHasOwner: object_path= /org/freedesktop/DBus: unknown error type: 
[17:1004/031235.375212:ERROR:dbus/bus.cc:406] Failed to connect to the bus: Could not parse server address: Unknown address type (examples of valid types are "tcp" and on UNIX "unix")
[17:1004/031235.375238:ERROR:dbus/object_proxy.cc:572] Failed to call method: org.freedesktop.DBus.NameHasOwner: object_path= /org/freedesktop/DBus: unknown error type: 
QA renderer DOM ready
[17:1004/031246.400994:ERROR:dbus/bus.cc:406] Failed to connect to the bus: Could not parse server address: Unknown address type (examples of valid types are "tcp" and on UNIX "unix")
[17:1004/031246.402334:ERROR:dbus/object_proxy.cc:572] Failed to call method: org.freedesktop.DBus.NameHasOwner: object_path= /org/freedesktop/DBus: unknown error type: 
[17:1004/031246.402401:ERROR:dbus/bus.cc:406] Failed to connect to the bus: Could not parse server address: Unknown address type (examples of valid types are "tcp" and on UNIX "unix")
[17:1004/031246.402428:ERROR:dbus/object_proxy.cc:572] Failed to call method: org.freedesktop.DBus.NameHasOwner: object_path= /org/freedesktop/DBus: unknown error type: 
QA renderer DOM ready
[17:1004/031257.992187:ERROR:dbus/bus.cc:406] Failed to connect to the bus: Could not parse server address: Unknown address type (examples of valid types are "tcp" and on UNIX "unix")
[17:1004/031257.992437:ERROR:dbus/object_proxy.cc:572] Failed to call method: org.freedesktop.DBus.NameHasOwner: object_path= /org/freedesktop/DBus: unknown error type: 
[17:1004/031257.992484:ERROR:dbus/bus.cc:406] Failed to connect to the bus: Could not parse server address: Unknown address type (examples of valid types are "tcp" and on UNIX "unix")
[17:1004/031257.992548:ERROR:dbus/object_proxy.cc:572] Failed to call method: org.freedesktop.DBus.NameHasOwner: object_path= /org/freedesktop/DBus: unknown error type: 
PASS Grounded highway, campus and coast scenes paint for regional art and physical wayfinding review
QA renderer DOM ready
[17:1004/031304.036815:ERROR:dbus/bus.cc:406] Failed to connect to the bus: Could not parse server address: Unknown address type (examples of valid types are "tcp" and on UNIX "unix")
[17:1004/031304.036865:ERROR:dbus/object_proxy.cc:572] Failed to call method: org.freedesktop.DBus.NameHasOwner: object_path= /org/freedesktop/DBus: unknown error type: 
[17:1004/031304.036892:ERROR:dbus/bus.cc:406] Failed to connect to the bus: Could not parse server address: Unknown address type (examples of valid types are "tcp" and on UNIX "unix")
[17:1004/031304.036912:ERROR:dbus/object_proxy.cc:572] Failed to call method: org.freedesktop.DBus.NameHasOwner: object_path= /org/freedesktop/DBus: unknown error type: 
PASS Actual native W driving strikes the deterministic plaza resident and saves severe career penalties
PASS Police response stays pending while settings pause the live scene
PASS Native Save and exit retains the active police response and its immediate penalties
