[28:1004/171122.960726:ERROR:dbus/bus.cc:406] Failed to connect to the bus: Failed to open socket: Operation not permitted
[28:1004/171122.960807:ERROR:dbus/bus.cc:406] Failed to connect to the bus: Could not parse server address: Unknown address type (examples of valid types are "tcp" and on UNIX "unix")
[28:1004/171123.010153:ERROR:net/base/address_tracker_linux.cc:224] Could not create NETLINK socket: Operation not permitted (1)
[28:1004/171123.010123:ERROR:dbus/bus.cc:406] Failed to connect to the bus: Failed to open socket: Operation not permitted
[28:1004/171123.010289:ERROR:dbus/bus.cc:406] Failed to connect to the bus: Failed to open socket: Operation not permitted
[28:1004/171123.011095:ERROR:device/udev_linux/udev_watcher.cc:51] Failed to initialize a udev monitor.
[28:1004/171123.011688:ERROR:content/browser/zygote_host/zygote_host_impl_linux.cc:300] Failed to adjust OOM score of renderer with pid 55: No such file or directory (2)
QA Electron ready
QA beginning native services
[28:1004/171123.104783:ERROR:dbus/object_proxy.cc:572] Failed to call method: org.freedesktop.DBus.NameHasOwner: object_path= /org/freedesktop/DBus: unknown error type: 
[28:1004/171123.104909:ERROR:dbus/bus.cc:406] Failed to connect to the bus: Could not parse server address: Unknown address type (examples of valid types are "tcp" and on UNIX "unix")
[28:1004/171123.108493:ERROR:dbus/object_proxy.cc:572] Failed to call method: org.freedesktop.DBus.NameHasOwner: object_path= /org/freedesktop/DBus: unknown error type: 
QA registering native bridge
QA services ready
QA enter real createWindow
QA monitor selected
QA constructing native window
[28:1004/171123.113418:ERROR:content/browser/zygote_host/zygote_host_impl_linux.cc:300] Failed to adjust OOM score of renderer with pid 83: No such file or directory (2)
QA real native window created
[28:1004/171123.122543:ERROR:content/browser/zygote_host/zygote_host_impl_linux.cc:300] Failed to adjust OOM score of renderer with pid 92: No such file or directory (2)
QA renderer DOM ready
QA real native window ready to show
PASS Real sandbox preload exposes three empty isolated native save slots
PASS Three schema-2 careers write and reload through the real native save store
QA renderer DOM ready
socket(): Operation not permitted
socket(): Operation not permitted
[28:1004/171128.568253:ERROR:dbus/bus.cc:406] Failed to connect to the bus: Could not parse server address: Unknown address type (examples of valid types are "tcp" and on UNIX "unix")
[28:1004/171128.568284:ERROR:dbus/bus.cc:406] Failed to connect to the bus: Could not parse server address: Unknown address type (examples of valid types are "tcp" and on UNIX "unix")
[28:1004/171128.568289:ERROR:dbus/bus.cc:406] Failed to connect to the bus: Could not parse server address: Unknown address type (examples of valid types are "tcp" and on UNIX "unix")
[28:1004/171128.568292:ERROR:dbus/bus.cc:406] Failed to connect to the bus: Could not parse server address: Unknown address type (examples of valid types are "tcp" and on UNIX "unix")
[28:1004/171128.568297:ERROR:dbus/bus.cc:406] Failed to connect to the bus: Could not parse server address: Unknown address type (examples of valid types are "tcp" and on UNIX "unix")
[28:1004/171128.568314:ERROR:dbus/bus.cc:406] Failed to connect to the bus: Could not parse server address: Unknown address type (examples of valid types are "tcp" and on UNIX "unix")
[28:1004/171128.568319:ERROR:dbus/bus.cc:406] Failed to connect to the bus: Could not parse server address: Unknown address type (examples of valid types are "tcp" and on UNIX "unix")
[28:1004/171128.568323:ERROR:dbus/bus.cc:406] Failed to connect to the bus: Could not parse server address: Unknown address type (examples of valid types are "tcp" and on UNIX "unix")
[28:1004/171128.568327:ERROR:dbus/bus.cc:406] Failed to connect to the bus: Could not parse server address: Unknown address type (examples of valid types are "tcp" and on UNIX "unix")
[28:1004/171128.568335:ERROR:dbus/bus.cc:406] Failed to connect to the bus: Could not parse server address: Unknown address type (examples of valid types are "tcp" and on UNIX "unix")
[28:1004/171128.568340:ERROR:dbus/bus.cc:406] Failed to connect to the bus: Could not parse server address: Unknown address type (examples of valid types are "tcp" and on UNIX "unix")
[28:1004/171128.568345:ERROR:dbus/bus.cc:406] Failed to connect to the bus: Could not parse server address: Unknown address type (examples of valid types are "tcp" and on UNIX "unix")
[28:1004/171128.568348:ERROR:dbus/bus.cc:406] Failed to connect to the bus: Could not parse server address: Unknown address type (examples of valid types are "tcp" and on UNIX "unix")
[28:1004/171128.568352:ERROR:dbus/bus.cc:406] Failed to connect to the bus: Could not parse server address: Unknown address type (examples of valid types are "tcp" and on UNIX "unix")
[28:1004/171128.966151:ERROR:dbus/bus.cc:406] Failed to connect to the bus: Could not parse server address: Unknown address type (examples of valid types are "tcp" and on UNIX "unix")
[28:1004/171128.966216:ERROR:dbus/object_proxy.cc:572] Failed to call method: org.freedesktop.DBus.NameHasOwner: object_path= /org/freedesktop/DBus: unknown error type: 
[28:1004/171128.966261:ERROR:dbus/bus.cc:406] Failed to connect to the bus: Could not parse server address: Unknown address type (examples of valid types are "tcp" and on UNIX "unix")
[28:1004/171128.966293:ERROR:dbus/object_proxy.cc:572] Failed to call method: org.freedesktop.DBus.NameHasOwner: object_path= /org/freedesktop/DBus: unknown error type: 
[55:1004/171130.014067:ERROR:gpu/command_buffer/service/gl_utils.cc:430] [.WebGL-0x21ec01fd1800]GL Driver Message (OpenGL, Performance, GL_CLOSE_PATH_NV, High): GPU stall due to ReadPixels (this message will no longer repeat)
PASS Actual first-person world paints distinct visible WebGL2 pixels
PASS Cockpit has no floating mph/fuel gauges or permanent storage/objective clutter
PASS Automatic quality reduces full-scene backing pixels during sustained active slow frames
PASS Live driving snapshots do not write the career every few seconds
PASS Native keyboard acceleration and steering produce real distance, fuel use and heading changes
PASS Sustained active frames over 250 ms continue bounded simulation rather than freezing it
PASS Settings pause discards held input and does not advance vehicle state
[28:1004/171148.854021:ERROR:dbus/bus.cc:406] Failed to connect to the bus: Could not parse server address: Unknown address type (examples of valid types are "tcp" and on UNIX "unix")
[28:1004/171148.854093:ERROR:dbus/object_proxy.cc:572] Failed to call method: org.freedesktop.DBus.NameHasOwner: object_path= /org/freedesktop/DBus: unknown error type: 
[28:1004/171148.854149:ERROR:dbus/bus.cc:406] Failed to connect to the bus: Could not parse server address: Unknown address type (examples of valid types are "tcp" and on UNIX "unix")
[28:1004/171148.854175:ERROR:dbus/object_proxy.cc:572] Failed to call method: org.freedesktop.DBus.NameHasOwner: object_path= /org/freedesktop/DBus: unknown error type: 
PASS Resuming a paused scene does not repay the unseen pause as a simulation jump
PASS Brake, handbrake and grounded car exit preserve the driven career
PASS Regional map hides the background header and its controls
PASS Regional map uses the real 12 km by 10 km bounds and shows service destinations
PASS Closing the regional map restores the header and hit-tested controls
[28:1004/171159.793969:ERROR:dbus/bus.cc:406] Failed to connect to the bus: Could not parse server address: Unknown address type (examples of valid types are "tcp" and on UNIX "unix")
[28:1004/171159.794252:ERROR:dbus/object_proxy.cc:572] Failed to call method: org.freedesktop.DBus.NameHasOwner: object_path= /org/freedesktop/DBus: unknown error type: 
[28:1004/171159.794308:ERROR:dbus/bus.cc:406] Failed to connect to the bus: Could not parse server address: Unknown address type (examples of valid types are "tcp" and on UNIX "unix")
[28:1004/171159.794337:ERROR:dbus/object_proxy.cc:572] Failed to call method: org.freedesktop.DBus.NameHasOwner: object_path= /org/freedesktop/DBus: unknown error type: 
PASS Save, title and career reload retain vehicle pose, fuel, damage and mileage
[28:1004/171203.961147:ERROR:dbus/bus.cc:406] Failed to connect to the bus: Could not parse server address: Unknown address type (examples of valid types are "tcp" and on UNIX "unix")
[28:1004/171203.961209:ERROR:dbus/object_proxy.cc:572] Failed to call method: org.freedesktop.DBus.NameHasOwner: object_path= /org/freedesktop/DBus: unknown error type: 
[28:1004/171203.961311:ERROR:dbus/bus.cc:406] Failed to connect to the bus: Could not parse server address: Unknown address type (examples of valid types are "tcp" and on UNIX "unix")
[28:1004/171203.964261:ERROR:dbus/object_proxy.cc:572] Failed to call method: org.freedesktop.DBus.NameHasOwner: object_path= /org/freedesktop/DBus: unknown error type: 
PASS Physical pump service hides the background header and its controls
PASS Closing physical pump service restores the header and hit-tested controls
PASS Fuel is purchased at the modeled pump without repairing damage or resetting mileage
PASS Paid repairs restore vehicle condition while keeping fuel and mileage
PASS E prompt matches its action and the car can be re-entered after pump service
[28:1004/171219.038281:ERROR:dbus/bus.cc:406] Failed to connect to the bus: Could not parse server address: Unknown address type (examples of valid types are "tcp" and on UNIX "unix")
[28:1004/171219.038659:ERROR:dbus/object_proxy.cc:572] Failed to call method: org.freedesktop.DBus.NameHasOwner: object_path= /org/freedesktop/DBus: unknown error type: 
[28:1004/171219.038716:ERROR:dbus/bus.cc:406] Failed to connect to the bus: Could not parse server address: Unknown address type (examples of valid types are "tcp" and on UNIX "unix")
[28:1004/171219.038757:ERROR:dbus/object_proxy.cc:572] Failed to call method: org.freedesktop.DBus.NameHasOwner: object_path= /org/freedesktop/DBus: unknown error type: 
PASS Actual T roadside tow charges $150 and preserves fuel, damage, gear and mileage
PASS Final walking movement remains live until the exit checkpoint
PASS Linux development update manager does not block the offline local world
PASS Real native Save and exit flushes the latest movement before app shutdown
