[16:1004/173312.045754:ERROR:dbus/bus.cc:406] Failed to connect to the bus: Failed to open socket: Operation not permitted
[16:1004/173312.045809:ERROR:dbus/bus.cc:406] Failed to connect to the bus: Could not parse server address: Unknown address type (examples of valid types are "tcp" and on UNIX "unix")
[16:1004/173312.092366:ERROR:dbus/bus.cc:406] Failed to connect to the bus: Failed to open socket: Operation not permitted
[16:1004/173312.092361:ERROR:net/base/address_tracker_linux.cc:224] Could not create NETLINK socket: Operation not permitted (1)
[16:1004/173312.092412:ERROR:dbus/bus.cc:406] Failed to connect to the bus: Failed to open socket: Operation not permitted
[16:1004/173312.093478:ERROR:device/udev_linux/udev_watcher.cc:51] Failed to initialize a udev monitor.
[16:1004/173312.094511:ERROR:content/browser/zygote_host/zygote_host_impl_linux.cc:300] Failed to adjust OOM score of renderer with pid 42: No such file or directory (2)
QA Electron ready
QA beginning native services
[16:1004/173312.098922:ERROR:dbus/object_proxy.cc:572] Failed to call method: org.freedesktop.DBus.NameHasOwner: object_path= /org/freedesktop/DBus: unknown error type: 
[16:1004/173312.099033:ERROR:dbus/bus.cc:406] Failed to connect to the bus: Could not parse server address: Unknown address type (examples of valid types are "tcp" and on UNIX "unix")
[16:1004/173312.101553:ERROR:dbus/object_proxy.cc:572] Failed to call method: org.freedesktop.DBus.NameHasOwner: object_path= /org/freedesktop/DBus: unknown error type: 
QA registering native bridge
QA services ready
QA enter real createWindow
QA monitor selected
QA constructing native window
[16:1004/173312.108070:ERROR:content/browser/zygote_host/zygote_host_impl_linux.cc:300] Failed to adjust OOM score of renderer with pid 67: No such file or directory (2)
QA real native window created
[16:1004/173312.114931:ERROR:content/browser/zygote_host/zygote_host_impl_linux.cc:300] Failed to adjust OOM score of renderer with pid 81: No such file or directory (2)
QA renderer DOM ready
QA real native window ready to show
QA renderer DOM ready
socket(): Operation not permitted
socket(): Operation not permitted
[16:1004/173317.319718:ERROR:dbus/bus.cc:406] Failed to connect to the bus: Could not parse server address: Unknown address type (examples of valid types are "tcp" and on UNIX "unix")
[16:1004/173317.319759:ERROR:dbus/bus.cc:406] Failed to connect to the bus: Could not parse server address: Unknown address type (examples of valid types are "tcp" and on UNIX "unix")
[16:1004/173317.319776:ERROR:dbus/bus.cc:406] Failed to connect to the bus: Could not parse server address: Unknown address type (examples of valid types are "tcp" and on UNIX "unix")
[16:1004/173317.319782:ERROR:dbus/bus.cc:406] Failed to connect to the bus: Could not parse server address: Unknown address type (examples of valid types are "tcp" and on UNIX "unix")
[16:1004/173317.319796:ERROR:dbus/bus.cc:406] Failed to connect to the bus: Could not parse server address: Unknown address type (examples of valid types are "tcp" and on UNIX "unix")
[16:1004/173317.319802:ERROR:dbus/bus.cc:406] Failed to connect to the bus: Could not parse server address: Unknown address type (examples of valid types are "tcp" and on UNIX "unix")
[16:1004/173317.319817:ERROR:dbus/bus.cc:406] Failed to connect to the bus: Could not parse server address: Unknown address type (examples of valid types are "tcp" and on UNIX "unix")
[16:1004/173317.319829:ERROR:dbus/bus.cc:406] Failed to connect to the bus: Could not parse server address: Unknown address type (examples of valid types are "tcp" and on UNIX "unix")
[16:1004/173317.319835:ERROR:dbus/bus.cc:406] Failed to connect to the bus: Could not parse server address: Unknown address type (examples of valid types are "tcp" and on UNIX "unix")
[16:1004/173317.319848:ERROR:dbus/bus.cc:406] Failed to connect to the bus: Could not parse server address: Unknown address type (examples of valid types are "tcp" and on UNIX "unix")
[16:1004/173317.319853:ERROR:dbus/bus.cc:406] Failed to connect to the bus: Could not parse server address: Unknown address type (examples of valid types are "tcp" and on UNIX "unix")
[16:1004/173317.319866:ERROR:dbus/bus.cc:406] Failed to connect to the bus: Could not parse server address: Unknown address type (examples of valid types are "tcp" and on UNIX "unix")
[16:1004/173317.319872:ERROR:dbus/bus.cc:406] Failed to connect to the bus: Could not parse server address: Unknown address type (examples of valid types are "tcp" and on UNIX "unix")
[16:1004/173317.319885:ERROR:dbus/bus.cc:406] Failed to connect to the bus: Could not parse server address: Unknown address type (examples of valid types are "tcp" and on UNIX "unix")
[16:1004/173317.748595:ERROR:dbus/bus.cc:406] Failed to connect to the bus: Could not parse server address: Unknown address type (examples of valid types are "tcp" and on UNIX "unix")
[16:1004/173317.749428:ERROR:dbus/object_proxy.cc:572] Failed to call method: org.freedesktop.DBus.NameHasOwner: object_path= /org/freedesktop/DBus: unknown error type: 
[16:1004/173317.749472:ERROR:dbus/bus.cc:406] Failed to connect to the bus: Could not parse server address: Unknown address type (examples of valid types are "tcp" and on UNIX "unix")
[16:1004/173317.749496:ERROR:dbus/object_proxy.cc:572] Failed to call method: org.freedesktop.DBus.NameHasOwner: object_path= /org/freedesktop/DBus: unknown error type: 
[42:1004/173322.185446:ERROR:gpu/command_buffer/service/gl_utils.cc:430] [.WebGL-0x35440017e200]GL Driver Message (OpenGL, Performance, GL_CLOSE_PATH_NV, High): GPU stall due to ReadPixels (this message will no longer repeat)
PASS Compositor-synchronized cockpit paints actual world and instruments
PASS Art-review regional map hides the background header and its controls
PASS Art-review region keeps complete settlement names inside the map at the small viewport
PASS Art-review nearby keeps complete settlement names inside the map at the small viewport
PASS Art-review close map restores the header and hit-tested controls
QA renderer DOM ready
[16:1004/173329.618751:ERROR:dbus/bus.cc:406] Failed to connect to the bus: Could not parse server address: Unknown address type (examples of valid types are "tcp" and on UNIX "unix")
[16:1004/173329.618792:ERROR:dbus/object_proxy.cc:572] Failed to call method: org.freedesktop.DBus.NameHasOwner: object_path= /org/freedesktop/DBus: unknown error type: 
[16:1004/173329.618822:ERROR:dbus/bus.cc:406] Failed to connect to the bus: Could not parse server address: Unknown address type (examples of valid types are "tcp" and on UNIX "unix")
[16:1004/173329.618834:ERROR:dbus/object_proxy.cc:572] Failed to call method: org.freedesktop.DBus.NameHasOwner: object_path= /org/freedesktop/DBus: unknown error type: 
[42:1004/173338.091715:ERROR:gpu/command_buffer/service/shared_image/shared_image_manager.cc:254] SharedImageManager::ProduceSkia: Trying to Produce a Skia representation from a non-existent mailbox.
QA renderer DOM ready
[16:1004/173341.038808:ERROR:dbus/bus.cc:406] Failed to connect to the bus: Could not parse server address: Unknown address type (examples of valid types are "tcp" and on UNIX "unix")
[16:1004/173341.038886:ERROR:dbus/object_proxy.cc:572] Failed to call method: org.freedesktop.DBus.NameHasOwner: object_path= /org/freedesktop/DBus: unknown error type: 
[16:1004/173341.038927:ERROR:dbus/bus.cc:406] Failed to connect to the bus: Could not parse server address: Unknown address type (examples of valid types are "tcp" and on UNIX "unix")
[16:1004/173341.038946:ERROR:dbus/object_proxy.cc:572] Failed to call method: org.freedesktop.DBus.NameHasOwner: object_path= /org/freedesktop/DBus: unknown error type: 
QA renderer DOM ready
[16:1004/173353.706944:ERROR:dbus/bus.cc:406] Failed to connect to the bus: Could not parse server address: Unknown address type (examples of valid types are "tcp" and on UNIX "unix")
[16:1004/173353.706997:ERROR:dbus/object_proxy.cc:572] Failed to call method: org.freedesktop.DBus.NameHasOwner: object_path= /org/freedesktop/DBus: unknown error type: 
[16:1004/173353.707024:ERROR:dbus/bus.cc:406] Failed to connect to the bus: Could not parse server address: Unknown address type (examples of valid types are "tcp" and on UNIX "unix")
[16:1004/173353.707037:ERROR:dbus/object_proxy.cc:572] Failed to call method: org.freedesktop.DBus.NameHasOwner: object_path= /org/freedesktop/DBus: unknown error type: 
PASS Grounded highway, campus and coast scenes paint for regional art and physical wayfinding review
