[16:1004/173207.903325:ERROR:dbus/bus.cc:406] Failed to connect to the bus: Failed to open socket: Operation not permitted
[16:1004/173207.948055:ERROR:net/base/address_tracker_linux.cc:224] Could not create NETLINK socket: Operation not permitted (1)
[16:1004/173207.948108:ERROR:dbus/bus.cc:406] Failed to connect to the bus: Could not parse server address: Unknown address type (examples of valid types are "tcp" and on UNIX "unix")
[16:1004/173207.948164:ERROR:dbus/bus.cc:406] Failed to connect to the bus: Failed to open socket: Operation not permitted
[16:1004/173207.948200:ERROR:dbus/bus.cc:406] Failed to connect to the bus: Failed to open socket: Operation not permitted
[16:1004/173207.948715:ERROR:device/udev_linux/udev_watcher.cc:51] Failed to initialize a udev monitor.
[16:1004/173207.949646:ERROR:content/browser/zygote_host/zygote_host_impl_linux.cc:300] Failed to adjust OOM score of renderer with pid 41: No such file or directory (2)
QA Electron ready
QA beginning native services
[16:1004/173207.953703:ERROR:dbus/object_proxy.cc:572] Failed to call method: org.freedesktop.DBus.NameHasOwner: object_path= /org/freedesktop/DBus: unknown error type: 
[16:1004/173207.953797:ERROR:dbus/bus.cc:406] Failed to connect to the bus: Could not parse server address: Unknown address type (examples of valid types are "tcp" and on UNIX "unix")
[16:1004/173207.955579:ERROR:dbus/object_proxy.cc:572] Failed to call method: org.freedesktop.DBus.NameHasOwner: object_path= /org/freedesktop/DBus: unknown error type: 
QA registering native bridge
QA services ready
QA enter real createWindow
QA monitor selected
QA constructing native window
[16:1004/173207.963016:ERROR:content/browser/zygote_host/zygote_host_impl_linux.cc:300] Failed to adjust OOM score of renderer with pid 69: No such file or directory (2)
QA real native window created
[16:1004/173207.968604:ERROR:content/browser/zygote_host/zygote_host_impl_linux.cc:300] Failed to adjust OOM score of renderer with pid 81: No such file or directory (2)
QA renderer DOM ready
QA real native window ready to show
PASS A third fresh native process retains the resolved incident and final impound checkpoint
socket(): Operation not permitted
socket(): Operation not permitted
[16:1004/173212.532857:ERROR:dbus/bus.cc:406] Failed to connect to the bus: Could not parse server address: Unknown address type (examples of valid types are "tcp" and on UNIX "unix")
[16:1004/173212.533142:ERROR:dbus/bus.cc:406] Failed to connect to the bus: Could not parse server address: Unknown address type (examples of valid types are "tcp" and on UNIX "unix")
[16:1004/173212.533162:ERROR:dbus/bus.cc:406] Failed to connect to the bus: Could not parse server address: Unknown address type (examples of valid types are "tcp" and on UNIX "unix")
[16:1004/173212.533167:ERROR:dbus/bus.cc:406] Failed to connect to the bus: Could not parse server address: Unknown address type (examples of valid types are "tcp" and on UNIX "unix")
[16:1004/173212.533172:ERROR:dbus/bus.cc:406] Failed to connect to the bus: Could not parse server address: Unknown address type (examples of valid types are "tcp" and on UNIX "unix")
[16:1004/173212.533178:ERROR:dbus/bus.cc:406] Failed to connect to the bus: Could not parse server address: Unknown address type (examples of valid types are "tcp" and on UNIX "unix")
[16:1004/173212.533186:ERROR:dbus/bus.cc:406] Failed to connect to the bus: Could not parse server address: Unknown address type (examples of valid types are "tcp" and on UNIX "unix")
[16:1004/173212.533197:ERROR:dbus/bus.cc:406] Failed to connect to the bus: Could not parse server address: Unknown address type (examples of valid types are "tcp" and on UNIX "unix")
[16:1004/173212.533203:ERROR:dbus/bus.cc:406] Failed to connect to the bus: Could not parse server address: Unknown address type (examples of valid types are "tcp" and on UNIX "unix")
[16:1004/173212.533229:ERROR:dbus/bus.cc:406] Failed to connect to the bus: Could not parse server address: Unknown address type (examples of valid types are "tcp" and on UNIX "unix")
[16:1004/173212.533235:ERROR:dbus/bus.cc:406] Failed to connect to the bus: Could not parse server address: Unknown address type (examples of valid types are "tcp" and on UNIX "unix")
[16:1004/173212.533247:ERROR:dbus/bus.cc:406] Failed to connect to the bus: Could not parse server address: Unknown address type (examples of valid types are "tcp" and on UNIX "unix")
[16:1004/173212.533253:ERROR:dbus/bus.cc:406] Failed to connect to the bus: Could not parse server address: Unknown address type (examples of valid types are "tcp" and on UNIX "unix")
[16:1004/173212.533258:ERROR:dbus/bus.cc:406] Failed to connect to the bus: Could not parse server address: Unknown address type (examples of valid types are "tcp" and on UNIX "unix")
[16:1004/173212.922618:ERROR:dbus/bus.cc:406] Failed to connect to the bus: Could not parse server address: Unknown address type (examples of valid types are "tcp" and on UNIX "unix")
[16:1004/173212.922672:ERROR:dbus/object_proxy.cc:572] Failed to call method: org.freedesktop.DBus.NameHasOwner: object_path= /org/freedesktop/DBus: unknown error type: 
[16:1004/173212.922712:ERROR:dbus/bus.cc:406] Failed to connect to the bus: Could not parse server address: Unknown address type (examples of valid types are "tcp" and on UNIX "unix")
[16:1004/173212.922737:ERROR:dbus/object_proxy.cc:572] Failed to call method: org.freedesktop.DBus.NameHasOwner: object_path= /org/freedesktop/DBus: unknown error type: 
PASS Resuming and re-saving a resolved police incident does not reopen it or charge the career twice
QA renderer DOM ready
[16:1004/173224.665202:ERROR:dbus/bus.cc:406] Failed to connect to the bus: Could not parse server address: Unknown address type (examples of valid types are "tcp" and on UNIX "unix")
[16:1004/173224.665263:ERROR:dbus/object_proxy.cc:572] Failed to call method: org.freedesktop.DBus.NameHasOwner: object_path= /org/freedesktop/DBus: unknown error type: 
[16:1004/173224.665319:ERROR:dbus/bus.cc:406] Failed to connect to the bus: Could not parse server address: Unknown address type (examples of valid types are "tcp" and on UNIX "unix")
[16:1004/173224.665337:ERROR:dbus/object_proxy.cc:572] Failed to call method: org.freedesktop.DBus.NameHasOwner: object_path= /org/freedesktop/DBus: unknown error type: 
PASS Confirmed same-chapter restart remounts the live world and durably resets its vehicle, position and team
[16:1004/173230.890529:ERROR:dbus/bus.cc:406] Failed to connect to the bus: Could not parse server address: Unknown address type (examples of valid types are "tcp" and on UNIX "unix")
[16:1004/173230.890572:ERROR:dbus/object_proxy.cc:572] Failed to call method: org.freedesktop.DBus.NameHasOwner: object_path= /org/freedesktop/DBus: unknown error type: 
[16:1004/173230.890607:ERROR:dbus/bus.cc:406] Failed to connect to the bus: Could not parse server address: Unknown address type (examples of valid types are "tcp" and on UNIX "unix")
[16:1004/173230.890620:ERROR:dbus/object_proxy.cc:572] Failed to call method: org.freedesktop.DBus.NameHasOwner: object_path= /org/freedesktop/DBus: unknown error type: 
PASS Actual keyboard movement and a live save remain in the restarted chapter rather than restoring the old scene
PASS Slot-2 chapter restart preserves the resolved law career and the unrelated final movement career byte for byte
[16:1004/173240.152271:ERROR:dbus/bus.cc:406] Failed to connect to the bus: Could not parse server address: Unknown address type (examples of valid types are "tcp" and on UNIX "unix")
[16:1004/173240.152333:ERROR:dbus/object_proxy.cc:572] Failed to call method: org.freedesktop.DBus.NameHasOwner: object_path= /org/freedesktop/DBus: unknown error type: 
[16:1004/173240.152372:ERROR:dbus/bus.cc:406] Failed to connect to the bus: Could not parse server address: Unknown address type (examples of valid types are "tcp" and on UNIX "unix")
[16:1004/173240.152394:ERROR:dbus/object_proxy.cc:572] Failed to call method: org.freedesktop.DBus.NameHasOwner: object_path= /org/freedesktop/DBus: unknown error type: 
PASS Final native shutdown does not charge a resolved incident twice
